ΓòöΓòÉΓòÉΓòÉΓòÉΓòÉΓòÉΓòÉΓòÉΓòÉΓòÉΓòÉΓòÉΓòÉΓòÉΓòÉΓòÉΓòÉΓòÉΓòÉΓòÉΓòÉΓòÉΓòÉΓòÉΓòÉΓòÉΓòÉΓòÉΓòÉΓòÉΓòÉΓòÉΓòÉΓòÉΓòÉΓòÉΓòÉΓòÉΓòÉΓòÉΓòÉΓòÉΓòÉΓòÉΓòÉΓòÉΓòÉΓòÉΓòÉΓòÉΓòù
Γòæ   ShrikDB Comprehensive Test Suite              Γòæ
Γòæ   Port: 8080 | Zero Hallucination               Γòæ
ΓòÜΓòÉΓòÉΓòÉΓòÉΓòÉΓòÉΓòÉΓòÉΓòÉΓòÉΓòÉΓòÉΓòÉΓòÉΓòÉΓòÉΓòÉΓòÉΓòÉΓòÉΓòÉΓòÉΓòÉΓòÉΓòÉΓòÉΓòÉΓòÉΓòÉΓòÉΓòÉΓòÉΓòÉΓòÉΓòÉΓòÉΓòÉΓòÉΓòÉΓòÉΓòÉΓòÉΓòÉΓòÉΓòÉΓòÉΓòÉΓòÉΓòÉΓòÉΓò¥

ΓòÉΓòÉ TEST 1: Server Connectivity ΓòÉΓòÉ
  Γ£à Server is reachable
  Server responded with status: 401

ΓòÉΓòÉ TEST 2: Project Creation ΓòÉΓòÉ
  Γ£à Project creation succeeds
  Γ£à Returns valid client_id
  Γ£à Returns valid client_key
  Γ£à Returns correct project_id

ΓòÉΓòÉ TEST 3: Duplicate Project Handling ΓòÉΓòÉ
  Γ£à Duplicate project is rejected or handled

ΓòÉΓòÉ TEST 4: Event Append ΓòÉΓòÉ
  Γ£à First event appended successfully
  Γ£à First event has sequence_number=1
  Γ£à Event type matches
  Γ£à Event has an event_id
  Γ£à Event has a payload_hash
  Γ£à Event has a timestamp
  Γ£à Second event appended successfully
  Γ£à Second event has sequence_number=2
  Γ£à Third event appended successfully
  Γ£à Third event has sequence_number=3

ΓòÉΓòÉ TEST 5: Event Reading ΓòÉΓòÉ
  Γ£à Read events succeeds
  Γ£à Returns correct count (got 3, expected 3)
  Γ£à Events is an array
  Γ£à Array has 3 events
  Γ£à Event 1 has correct sequence
  Γ£à Event 2 has correct sequence
  Γ£à Event 3 has correct sequence
  Γ£à Event 1 ID matches appended event
  Γ£à Event 1 payload hash matches
  Γ£à Event 2 ID matches appended event
  Γ£à Event 2 payload hash matches
  Γ£à Event 3 ID matches appended event
  Γ£à Event 3 payload hash matches
  Γ£à Offset read succeeds
  Γ£à Offset read starts from correct sequence
  Γ£à Limited read succeeds
  Γ£à Limit restricts result count

ΓòÉΓòÉ TEST 6: Replay & Integrity Verification ΓòÉΓòÉ
  Γ£à Replay verification succeeds
  Γ£à Response includes progress object
  Γ¥î FAIL: Replay processed 3 events (got undefined)
  Γ¥î FAIL: Total events >= 3
  Γ£à No integrity errors in replay

ΓòÉΓòÉ TEST 7: Authentication Error Handling ΓòÉΓòÉ
  Γ£à Append without auth is rejected
  Γ£à Append with wrong creds is rejected
  Γ£à Read without auth is rejected
  Γ£à Replay without auth is rejected

ΓòÉΓòÉ TEST 8: Multi-Tenant Project Isolation ΓòÉΓòÉ
  Γ£à Project A created
  Γ£à Project B created
  Γ£à Project A has 2 events (got 2)
  Γ£à Project B has 1 event (got 1)
  Γ£à Project A does not see Project B events
  Γ£à Project B does not see Project A events
  Γ£à Project A sequences start at 1
  Γ£à Project B sequences start at 1

ΓòÉΓòÉ TEST 9: Hash & Chain Integrity ΓòÉΓòÉ
  Γ£à Event seq=1 has payload_hash
  Γ£à Event seq=2 has payload_hash
  Γ£à Event seq=3 has payload_hash
  Γ£à Identical payloads produce identical hashes (deterministic)
  Γ£à Different payloads produce different hashes

ΓòÉΓòÉ TEST 10: Edge Cases ΓòÉΓòÉ
  Γ£à Empty payload accepted
  Γ£à Complex nested payload accepted
  Γ£à Large payload (10KB) accepted
  Γ£à Missing event_type is rejected
  Γ£à Empty project_id is rejected

ΓòÉΓòÉ TEST 11: Crash Recovery Simulation ΓòÉΓòÉ
  Γ£à Recovery marker event added
  Γ£à Event count increased by 1 (before=9, after=10)
  Γ£à Post-recovery replay succeeds
  Γ£à No integrity errors after recovery simulation

ΓòÉΓòÉ TEST 12: Sequence Monotonicity ΓòÉΓòÉ
  Γ£à All 10 events have strictly increasing sequence numbers
  Γ£à No gaps in sequence numbers (1, 2, 3, ...)

ΓòÉΓòÉΓòÉΓòÉΓòÉΓòÉΓòÉΓòÉΓòÉΓòÉΓòÉΓòÉΓòÉΓòÉΓòÉΓòÉΓòÉΓòÉΓòÉΓòÉΓòÉΓòÉΓòÉΓòÉΓòÉΓòÉΓòÉΓòÉΓòÉΓòÉΓòÉΓòÉΓòÉΓòÉΓòÉΓòÉΓòÉΓòÉΓòÉΓòÉΓòÉΓòÉΓòÉΓòÉΓòÉΓòÉΓòÉΓòÉΓòÉΓòÉΓòÉΓòÉ
  RESULTS: 64/66 passed, 2 failed
  ΓÜá∩╕Å  2 test(s) failed ΓÇö review above
ΓòÉΓòÉΓòÉΓòÉΓòÉΓòÉΓòÉΓòÉΓòÉΓòÉΓòÉΓòÉΓòÉΓòÉΓòÉΓòÉΓòÉΓòÉΓòÉΓòÉΓòÉΓòÉΓòÉΓòÉΓòÉΓòÉΓòÉΓòÉΓòÉΓòÉΓòÉΓòÉΓòÉΓòÉΓòÉΓòÉΓòÉΓòÉΓòÉΓòÉΓòÉΓòÉΓòÉΓòÉΓòÉΓòÉΓòÉΓòÉΓòÉΓòÉΓòÉΓòÉ
