src/lib/queue.ts(7,7): error TS2322: Type 'Redis' is not assignable to type 'ConnectionOptions'.
  Type 'Redis' is not assignable to type 'ClusterOptions | Redis | Cluster'.
    Type 'import("C:/Users/HP/Downloads/themodelforge/backend/node_modules/ioredis/built/Redis").default' is not assignable to type 'import("C:/Users/HP/Downloads/themodelforge/backend/node_modules/bullmq/node_modules/ioredis/built/Redis").default'.
      Types of property 'options' are incompatible.
        Type 'import("C:/Users/HP/Downloads/themodelforge/backend/node_modules/ioredis/built/redis/RedisOptions").RedisOptions' is not assignable to type 'import("C:/Users/HP/Downloads/themodelforge/backend/node_modules/bullmq/node_modules/ioredis/built/redis/RedisOptions").RedisOptions'.
          Type 'RedisOptions' is not assignable to type 'CommonRedisOptions'.
            Types of property 'Connector' are incompatible.
              Type 'import("C:/Users/HP/Downloads/themodelforge/backend/node_modules/ioredis/built/connectors/ConnectorConstructor").default | undefined' is not assignable to type 'import("C:/Users/HP/Downloads/themodelforge/backend/node_modules/bullmq/node_modules/ioredis/built/connectors/ConnectorConstructor").default | undefined'.
                Type 'import("C:/Users/HP/Downloads/themodelforge/backend/node_modules/ioredis/built/connectors/ConnectorConstructor").default' is not assignable to type 'import("C:/Users/HP/Downloads/themodelforge/backend/node_modules/bullmq/node_modules/ioredis/built/connectors/ConnectorConstructor").default'.
                  Type 'import("C:/Users/HP/Downloads/themodelforge/backend/node_modules/ioredis/built/connectors/AbstractConnector").default' is not assignable to type 'import("C:/Users/HP/Downloads/themodelforge/backend/node_modules/bullmq/node_modules/ioredis/built/connectors/AbstractConnector").default'.
                    Property 'connecting' is protected but type 'AbstractConnector' is not a class derived from 'AbstractConnector'.
src/middleware/errorHandler.ts(10,18): error TS2339: Property 'errors' does not exist on type 'ZodError<unknown>'.
src/workers/training.worker.ts(35,5): error TS2322: Type 'Redis' is not assignable to type 'ConnectionOptions'.
  Type 'Redis' is not assignable to type 'ClusterOptions | Redis | Cluster'.
    Type 'import("C:/Users/HP/Downloads/themodelforge/backend/node_modules/ioredis/built/Redis").default' is not assignable to type 'import("C:/Users/HP/Downloads/themodelforge/backend/node_modules/bullmq/node_modules/ioredis/built/Redis").default'.
      Types of property 'options' are incompatible.
        Type 'import("C:/Users/HP/Downloads/themodelforge/backend/node_modules/ioredis/built/redis/RedisOptions").RedisOptions' is not assignable to type 'import("C:/Users/HP/Downloads/themodelforge/backend/node_modules/bullmq/node_modules/ioredis/built/redis/RedisOptions").RedisOptions'.
          Type 'RedisOptions' is not assignable to type 'CommonRedisOptions'.
            Types of property 'Connector' are incompatible.
              Type 'import("C:/Users/HP/Downloads/themodelforge/backend/node_modules/ioredis/built/connectors/ConnectorConstructor").default | undefined' is not assignable to type 'import("C:/Users/HP/Downloads/themodelforge/backend/node_modules/bullmq/node_modules/ioredis/built/connectors/ConnectorConstructor").default | undefined'.
                Type 'import("C:/Users/HP/Downloads/themodelforge/backend/node_modules/ioredis/built/connectors/ConnectorConstructor").default' is not assignable to type 'import("C:/Users/HP/Downloads/themodelforge/backend/node_modules/bullmq/node_modules/ioredis/built/connectors/ConnectorConstructor").default'.
                  Type 'import("C:/Users/HP/Downloads/themodelforge/backend/node_modules/ioredis/built/connectors/AbstractConnector").default' is not assignable to type 'import("C:/Users/HP/Downloads/themodelforge/backend/node_modules/bullmq/node_modules/ioredis/built/connectors/AbstractConnector").default'.
                    Property 'connecting' is protected but type 'AbstractConnector' is not a class derived from 'AbstractConnector'.
